C51 COMPILER V9.00   MELODY                                                                08/22/2024 14:49:31 PAGE 1   


C51 COMPILER V9.00, COMPILATION OF MODULE MELODY
OBJECT MODULE PLACED IN melody.OBJ
COMPILER INVOKED BY: D:\Program Files\Keil_C51_v9.00\C51\BIN\C51.EXE melody.c BROWSE DEBUG OBJECTEXTEND

line level    source

   1          #include <REG51.H>                              //包含51单片机寄存器定义的头文件
   2          typedef unsigned char uchar;
   3          typedef unsigned int uint;
   4          
   5          sbit sound = P3^7;                      
   6                  
   7          void echo(uint hz, uint t){
   8   1              uint t_half = 460829 / hz;      //t_half单位为us 
   9   1              uchar HHH = (65536 - t_half) / 256;
  10   1              uchar LLL = (65536 - t_half) % 256;
  11   1              uint times = 1000 * t / t_half; //t单位为ms
  12   1          TMOD = 0x01;
  13   1              TH0 = HHH;      //定时器T0的高8位赋初值
  14   1          TL0 = LLL;          //定时器T0的低8位赋初值
  15   1          TR0 = 1;                      //启动定时器T0
  16   1              sound = 0;
  17   1              while(times--){
  18   2                      while(TF0 == 0)
  19   2                              ;
  20   2                      TF0 = 0;
  21   2                      sound = ~sound;
  22   2                      TH0 = HHH;      //定时器T0的高8位重新赋初值
  23   2              TL0 = LLL;      //定时器T0的低8位重新赋初值
  24   2              }
  25   1              TR0 = 0;                                                                                   
  26   1      }
  27          const int t = 1136;
  28          void main(void){ 
  29   1              while(1){
  30   2                      echo(440, 2000);
  31   2              }
  32   1      }


MODULE INFORMATION:   STATIC OVERLAYABLE
   CODE SIZE        =    159    ----
   CONSTANT SIZE    =   ----    ----
   XDATA SIZE       =   ----    ----
   PDATA SIZE       =   ----    ----
   DATA SIZE        =      2       5
   IDATA SIZE       =   ----    ----
   BIT SIZE         =   ----    ----
END OF MODULE INFORMATION.


C51 COMPILATION COMPLETE.  0 WARNING(S),  0 ERROR(S)
